../Core/Src/main.c:74:5:main	1032	static
../Core/Src/main.c:138:6:SystemClock_Config	88	static
../Core/Src/main.c:185:13:MX_I2C1_Init	8	static
../Core/Src/main.c:218:13:MX_USART2_UART_Init	8	static
../Core/Src/main.c:251:13:MX_GPIO_Init	48	static
../Core/Src/main.c:292:6:I2C_SSD1306_Screen_Init	16	static
../Core/Src/main.c:401:6:I2C_SSD1306_Update_Whole_Display	1064	static
../Core/Src/main.c:451:13:I2C_SSD1306_Screen_Transmit	24	static
../Core/Src/main.c:460:6:Error_Handler	4	static,ignoring_inline_asm
